// Jest Snapshot v1, https://goo.gl/fbAQLP

exports[`GroupList component renders correctly 1`] = `
<div
  style={
    Object {
      "margin": "auto",
      "maxWidth": "1250px",
    }
  }
>
  <div
    className="ui two cards"
  />
</div>
`;
